// Jest Snapshot v1, https://goo.gl/fbAQLP

exports[`incorrect-column-type 1`] = `
"
[31mInvalid [1m\`prisma.user.findMany()\`[22m invocation in[39m
[31m[4m/root/code/prisma/src/packages/client/src/__tests__/integration/errors/incorrect-column-type/main.ts:15:36[24m[39m

[2m  [90m11 [39m  ],[22m
[2m  [90m12 [39m})[22m
[2m  [90m13 [39m[22m
[2m  [90m14 [39mtry {[22m
[31m[1mâ†’[22m[39m [2m[90m15 [39m  const data = await prisma.user.findMany([22m
  Attempted to serialize scalar '123' with incompatible type 'String'"
`;
